error in configuration: on Monday at 1000,1100 run /bin/echo there
