error in configuration: on Tuesday at 2400 run /bin/date
