error in configuration: on Tuesday at 1100 /bin/date
