error in configuration: every Tuesday at 11000 run /bin/date
