The file was not found, but I will not exit this program with a status greater than 0
The file was not found, but I will not exit this program with a status greater than 0
nothing left to run
