error in configuration: every tuesday at 1100 run /bin/date
