error in configuration: on Tuesday at 1260 run /bin/date
