error in configuration: on Tuesday at 123 run /bin/date
