Adding 1 + 1: The answer is 2.00
nothing left to run
