Traceback (most recent call last):
  File "run_test_runner.py", line 179, in <module>
    os.execv(process.path, process.param)
FileNotFoundError: [Errno 2] No such file or directory
hello
hello
hello
hello
