error in configuration: on every Tuesday at 1100 run /bin/date
